../Core/Src/main.c:88:6:HAL_ADC_ConvCpltCallback	32	static
../Core/Src/main.c:133:6:UART_Plot_data	144	static
../Core/Src/main.c:144:5:main	8	static
../Core/Src/main.c:216:6:SystemClock_Config	88	static
../Core/Src/main.c:262:13:MX_ADC1_Init	56	static
../Core/Src/main.c:330:13:MX_ADC2_Init	40	static
../Core/Src/main.c:389:13:MX_CORDIC_Init	8	static
../Core/Src/main.c:415:13:MX_FDCAN1_Init	8	static
../Core/Src/main.c:458:13:MX_OPAMP1_Init	8	static
../Core/Src/main.c:492:13:MX_OPAMP2_Init	8	static
../Core/Src/main.c:526:13:MX_OPAMP3_Init	8	static
../Core/Src/main.c:560:13:MX_TIM1_Init	120	static
../Core/Src/main.c:650:13:MX_TIM6_Init	24	static
../Core/Src/main.c:688:13:MX_TIM16_Init	8	static
../Core/Src/main.c:720:13:MX_USART2_UART_Init	8	static
../Core/Src/main.c:766:13:MX_DMA_Init	16	static
../Core/Src/main.c:794:13:MX_GPIO_Init	48	static
../Core/Src/main.c:862:6:Error_Handler	4	static,ignoring_inline_asm
